=~=~=~=~=~=~=~=~=~=~=~= PuTTY log 2018.05.23 18:50:18 =~=~=~=~=~=~=~=~=~=~=~=
login as: root
root@192.17.1.98's password: 
Last failed login: Wed May 23 18:39:01 SGT 2018 from netreach1.compass.org.sg on ssh:notty
There was 1 failed login attempt since the last successful login.
Last login: Wed May 23 18:27:26 2018 from netreach1.compass.org.sg[?1034h[root@mspdb03 ~]# 
[root@mspdb03 ~]# su - oracle
Last login: Wed May 23 18:27:37 SGT 2018 on pts/0
[?1034h[oracle@mspdb03 ~]$ . ./misdb3.env 
[oracle@mspdb03 ~]$ 
[oracle@mspdb03 ~]$ 
[oracle@mspdb03 ~]$ 
[oracle@mspdb03 ~]$ 
[oracle@mspdb03 ~]$ #######RAC Node Apps Health Checks#####
[oracle@mspdb03 ~]$ srvctl status nodeapps
VIP mspdb01-vip.compass.org.sg is enabled
VIP mspdb01-vip.compass.org.sg is running on node: mspdb01
VIP mspdb02-vip.compass.org.sg is enabled
VIP mspdb02-vip.compass.org.sg is running on node: mspdb02
VIP mspdb03-vip is enabled
VIP mspdb03-vip is running on node: mspdb03
Network is enabled
Network is running on node: mspdb01
Network is running on node: mspdb02
Network is running on node: mspdb03
ONS is enabled
ONS daemon is running on node: mspdb01
ONS daemon is running on node: mspdb02
ONS daemon is running on node: mspdb03
[oracle@mspdb03 ~]$ 
[oracle@mspdb03 ~]$ 
[oracle@mspdb03 ~]$ 
[oracle@mspdb03 ~]$ ######ASM Status ######
[oracle@mspdb03 ~]$ srvctl status asm
ASM is running on mspdb01,mspdb03,mspdb02
[oracle@mspdb03 ~]$ 
[oracle@mspdb03 ~]$ 
[oracle@mspdb03 ~]$ 
[oracle@mspdb03 ~]$ ######Database Status#####
[oracle@mspdb03 ~]$ srvctl status database -d misdb
Instance misdb1 is running on node mspdb01
Instance misdb2 is running on node mspdb02
Instance misdb3 is running on node mspdb03
[oracle@mspdb03 ~]$ 
[oracle@mspdb03 ~]$ 
[oracle@mspdb03 ~]$ ######Database Services Status#####
[oracle@mspdb03 ~]$ srvctl status service -d misdb
Service misdb_new is running on instance(s) misdb2
[oracle@mspdb03 ~]$ 
[oracle@mspdb03 ~]$ 
[oracle@mspdb03 ~]$ ######Listener Status#####
[oracle@mspdb03 ~]$ srvctl status listener
Listener LISTENER is enabled
Listener LISTENER is running on node(s): mspdb01,mspdb03,mspdb02
[oracle@mspdb03 ~]$ 
[oracle@mspdb03 ~]$ 
[oracle@mspdb03 ~]$ ######SCAN VIP Status#####
[oracle@mspdb03 ~]$ srvctl status scan
SCAN VIP scan1 is enabled
SCAN VIP scan1 is running on node mspdb03
SCAN VIP scan2 is enabled
SCAN VIP scan2 is running on node mspdb01
SCAN VIP scan3 is enabled
SCAN VIP scan3 is running on node mspdb02
[oracle@mspdb03 ~]$ 
[oracle@mspdb03 ~]$ 
[oracle@mspdb03 ~]$ 
[oracle@mspdb03 ~]$ ######Scan Listener Status#####
[oracle@mspdb03 ~]$ srvctl status scan_listener
SCAN Listener LISTENER_SCAN1 is enabled
SCAN listener LISTENER_SCAN1 is running on node mspdb03
SCAN Listener LISTENER_SCAN2 is enabled
SCAN listener LISTENER_SCAN2 is running on node mspdb01
SCAN Listener LISTENER_SCAN3 is enabled
SCAN listener LISTENER_SCAN3 is running on node mspdb02
[oracle@mspdb03 ~]$ 
[oracle@mspdb03 ~]$ 
[oracle@mspdb03 ~]$ ######Server Status 1#####
[oracle@mspdb03 ~]$ srvctl status server -n mspdb01
Server name: mspdb01
Server state: ONLINE
[oracle@mspdb03 ~]$ 
[oracle@mspdb03 ~]$ 
[oracle@mspdb03 ~]$ ######Server Status 2#####
[oracle@mspdb03 ~]$ srvctl status server -n mspdb02
Server name: mspdb02
Server state: ONLINE
[oracle@mspdb03 ~]$ 
[oracle@mspdb03 ~]$ 
[oracle@mspdb03 ~]$ 
[oracle@mspdb03 ~]$ ######Server Status 3#####
[oracle@mspdb03 ~]$ srvctl status server -n mspdb03
Server name: mspdb03
Server state: ONLINE
[oracle@mspdb03 ~]$ 
[oracle@mspdb03 ~]$ 
[oracle@mspdb03 ~]$ ######CVU Status#####
[oracle@mspdb03 ~]$ srvctl status cvu
CVU is enabled and running on node mspdb02
[oracle@mspdb03 ~]$ 
[oracle@mspdb03 ~]$ 
[oracle@mspdb03 ~]$ 
[oracle@mspdb03 ~]$ ######Serverpool Details#####
[oracle@mspdb03 ~]$ srvctl status srvpool
Server pool name: Free
Active servers count: 0
Server pool name: Generic
Active servers count: 3
[oracle@mspdb03 ~]$ 
[oracle@mspdb03 ~]$ 
[oracle@mspdb03 ~]$ 
[oracle@mspdb03 ~]$ cd /mdb/usr/grid/12.1.0/bin/
[oracle@mspdb03 bin]$ 
[oracle@mspdb03 bin]$ 
[oracle@mspdb03 bin]$ 
[oracle@mspdb03 bin]$ ######CRS Status#####
[oracle@mspdb03 bin]$ crsctl check crs
CRS-4638: Oracle High Availability Services is online
CRS-4537: Cluster Ready Services is online
CRS-4529: Cluster Synchronization Services is online
CRS-4533: Event Manager is online
[oracle@mspdb03 bin]$ 
[oracle@mspdb03 bin]$ 
[oracle@mspdb03 bin]$ ######Cluster Status#####
[oracle@mspdb03 bin]$ crsctl check cluster
CRS-4537: Cluster Ready Services is online
CRS-4529: Cluster Synchronization Services is online
CRS-4533: Event Manager is online
[oracle@mspdb03 bin]$ 
[oracle@mspdb03 bin]$ 
[oracle@mspdb03 bin]$  
[oracle@mspdb03 bin]$ ######RAC High Availability Services Status#####
[oracle@mspdb03 bin]$ crsctl check has
CRS-4638: Oracle High Availability Services is online
[oracle@mspdb03 bin]$ 
[oracle@mspdb03 bin]$ 
[oracle@mspdb03 bin]$ 
[oracle@mspdb03 bin]$ 
[oracle@mspdb03 bin]$ ######Cluster Interconnect Details#####
[oracle@mspdb03 bin]$ oifcfg getif
bond0  192.17.1.0  global  public
em3  10.10.10.0  global  cluster_interconnect
em4  10.10.11.0  global  cluster_interconnect
[oracle@mspdb03 bin]$ 
[oracle@mspdb03 bin]$ 
[oracle@mspdb03 bin]$ ######OCR Checks#####
[oracle@mspdb03 bin]$ ocrcheck
Status of Oracle Cluster Registry is as follows :
	 Version                  :          4
	 Total space (kbytes)     :     409568
	 Used space (kbytes)      :       1848
	 Available space (kbytes) :     407720
	 ID                       :  812738541
	 Device/File Name         :   +MDB_OCR
                                    Device/File integrity check succeeded

                                    Device/File not configured

                                    Device/File not configured

                                    Device/File not configured

                                    Device/File not configured

	 Cluster registry integrity check succeeded

	 Logical corruption check bypassed due to non-privileged user

[oracle@mspdb03 bin]$ 
[oracle@mspdb03 bin]$ 
[oracle@mspdb03 bin]$ ######Voting Disk Status#####
[oracle@mspdb03 bin]$ crsctl query css votedisk
##  STATE    File Universal Id                File Name Disk group
--  -----    -----------------                --------- ---------
 1. ONLINE   17e39df149034fe2bf8a12bcb6695447 (/dev/mapper/OCR1) [MDB_OCR]
 2. ONLINE   c47f9c0c6d584f27bf78c139e9192316 (/dev/mapper/OCR2) [MDB_OCR]
 3. ONLINE   8c626feaec164f77bf9b05d8b029c6ba (/dev/mapper/OCR3) [MDB_OCR]
Located 3 voting disk(s).
[oracle@mspdb03 bin]$ 
[oracle@mspdb03 bin]$ 
[oracle@mspdb03 bin]$ 
[oracle@mspdb03 bin]$ ######Diskgroups Status ##
[oracle@mspdb03 bin]$ crs_stat -t | grep -i dg
ora....ACFS.[01;31m[Kdg[m[K ora....up.type ONLINE    ONLINE    mspdb01     
ora....DATA.[01;31m[Kdg[m[K ora....up.type ONLINE    ONLINE    mspdb01     
ora....ATA2.[01;31m[Kdg[m[K ora....up.type ONLINE    ONLINE    mspdb01     
ora.MDB_FRA.[01;31m[Kdg[m[K ora....up.type ONLINE    ONLINE    mspdb01     
ora.MDB_OCR.[01;31m[Kdg[m[K ora....up.type ONLINE    ONLINE    mspdb01     
ora....REDO.[01;31m[Kdg[m[K ora....up.type ONLINE    ONLINE    mspdb01     
[oracle@mspdb03 bin]$ 
[oracle@mspdb03 bin]$ 
[oracle@mspdb03 bin]$ 
[oracle@mspdb03 bin]$ exit
logout
[root@mspdb03 ~]# exit
logout
